---
source: syn-state-machine/src/impls/interlace.rs
expression: "crate::parse::<(Interlace<Ident, (FJointPunct<':'>, FPunct<':'>)>,\n        (FPunct<'>'>, FPunct<';'>))>(::quote::quote! { hello > ; })"
---
Ok(
    (
        (
            Interlace(
                [
                    Ident(
                        hello,
                    ),
                ],
                [],
            ),
            (
                FPunct,
                FPunct,
            ),
        ),
        0,
    ),
)
