---
source: syn-state-machine/src/common_tokens/path/types.rs
expression: "crate::parse::<TypePath<Ident>>(::quote::quote! { hello :: < Hi > })"
---
Ok(
    (
        TypePath {
            leading: false,
            segments: [
                Generic {
                    id: Id(
                        Ident(
                            hello,
                        ),
                    ),
                    generic_args: GenericArgs(
                        [
                            Type(
                                Ident(
                                    Hi,
                                ),
                            ),
                        ],
                    ),
                },
            ],
        },
        0,
    ),
)
