---
source: src/rust/names/paths.rs
expression: "insta_match_test!(+ parse GenericArgs<Infallible> : < >)"
---
Ok(
    GenericArgs(
        Interlace {
            values: [],
        },
    ),
)
