---
source: src/rust/atoms/proc_macro_items.rs
expression: "crate::test_peek::<Paren<P<()>>>(q.clone())"
---
Some(
    2,
)
