---
source: syn-state-machine/src/common_tokens/genetic_params.rs
expression: "crate::parse::<TypeParam<Infallible>>(::quote::quote! {\n            Hello : std :: fmt :: Debug\n        })"
---
Ok(
    (
        TypeParam {
            id: Ident(
                Hello,
            ),
            bounds: Some(
                TypeParamBounds(
                    [
                        TraitBound(
                            TraitBound {
                                q: false,
                                for: None,
                                ty: TypePath {
                                    leading: false,
                                    segments: [
                                        Simple {
                                            id: Id(
                                                Ident(
                                                    std,
                                                ),
                                            ),
                                        },
                                        Simple {
                                            id: Id(
                                                Ident(
                                                    fmt,
                                                ),
                                            ),
                                        },
                                        Simple {
                                            id: Id(
                                                Ident(
                                                    Debug,
                                                ),
                                            ),
                                        },
                                    ],
                                },
                            },
                        ),
                    ],
                ),
            ),
            ty: None,
        },
        0,
    ),
)
