---
source: syn-state-machine/src/common_tokens/genetic_params.rs
expression: "crate::parse::<ConstParam<Ident>>(::quote::quote! { const HELLO : i8 })"
---
Ok(
    (
        ConstParam {
            id: Ident(
                HELLO,
            ),
            ty: Ident(
                i8,
            ),
            content: None,
        },
        0,
    ),
)
