---
source: syn-state-machine/src/common_tokens/bounds.rs
expression: "crate::parse::<TraitBound<Infallible>>(::quote::quote! {\n            for < 'a > std :: fmt :: Debug\n        })"
---
Ok(
    (
        TraitBound {
            q: false,
            for: Some(
                GenericParams(
                    [
                        LifetimeParam(
                            [],
                            LifetimeParam {
                                id: Ident(
                                    a,
                                ),
                                bounds: None,
                            },
                        ),
                    ],
                ),
            ),
            ty: TypePath {
                leading: false,
                segments: [
                    Simple {
                        id: Id(
                            Ident(
                                std,
                            ),
                        ),
                    },
                    Simple {
                        id: Id(
                            Ident(
                                fmt,
                            ),
                        ),
                    },
                    Simple {
                        id: Id(
                            Ident(
                                Debug,
                            ),
                        ),
                    },
                ],
            },
        },
        0,
    ),
)
