---
source: syn-state-machine/src/common_tokens/visibility.rs
expression: "crate::parse::<Visibility>(::quote::quote! { pub(crate) })"
---
Ok(
    (
        PubCrate,
        0,
    ),
)
