---
source: syn-state-machine/src/common_tokens/genetic_params.rs
expression: "crate::parse::<ConstParam<Ident>>(::quote::quote! { const HELLO : i8 = 10 })"
---
Ok(
    (
        ConstParam {
            id: Ident(
                HELLO,
            ),
            ty: Ident(
                i8,
            ),
            content: Some(
                Punct {
                    char: '=',
                    spacing: Alone,
                },
            ),
        },
        0,
    ),
)
