---
source: syn-state-machine/src/common_tokens/types.rs
expression: "crate::parse::<SliceType<Ident>>(::quote::quote! { [i64] })"
---
Ok(
    (
        SliceType(
            Ident(
                i64,
            ),
        ),
        0,
    ),
)
