---
source: src/rust/items/generic_parameters.rs
expression: "crate::parse::<TypeParam<P<Infallible>, P<Infallible>>>(q.clone())"
---
Ok(
    TypeParam {
        id: Ident(
            Hello,
        ),
        bound: None,
        ty: None,
    },
)
