---
source: src/type_atoms/adt/option.rs
expression: "(insta_match_test!(+ parse Option<(Ident, Ident)> : hi <),\n    insta_match_test!(* peek Option<(Ident, Ident)> : hi <))"
---
(
    Ok(
        None,
    ),
    Some(
        0,
    ),
)
