---
source: src/type_atoms/adt/tuple.rs
expression: "crate::test_peek::<(Option<Ident>, Option<Punct>, Option<Ident>,\n        Option<Punct>)>(q.clone())"
---
Some(
    3,
)
