---
source: src/type_atoms/adt/interlace.rs
expression: "crate::test_peek::<Interlace<P<(Ident, Rep<Ident>)>,\n        Rep<FPunct<','>>>>(q.clone())"
---
Some(
    9,
)
